// Jest Snapshot v1, https://goo.gl/fbAQLP

exports[`works 1`] = `
.c0 {
  padding: 0 2rem;
  display: -webkit-box;
  display: -webkit-flex;
  display: -ms-flexbox;
  display: flex;
  -webkit-box-pack: justify;
  -webkit-justify-content: space-between;
  -ms-flex-pack: justify;
  justify-content: space-between;
  -webkit-align-items: center;
  -webkit-box-align: center;
  -ms-flex-align: center;
  align-items: center;
  -webkit-flex-wrap: wrap;
  -ms-flex-wrap: wrap;
  flex-wrap: wrap;
  position: absolute;
  top: 0;
  left: 0;
  right: 0;
}

.c0 .active {
  text-underline-position: under;
  -webkit-text-decoration: underline;
  text-decoration: underline;
  text-underline-offset: 0.5em;
}

@media (max-width:768px) {
  .c0 {
    border-bottom: 1px solid;
  }
}

<div
  class="c0"
/>
`;
