// Jest Snapshot v1, https://goo.gl/fbAQLP

exports[`works 1`] = `
.c0 {
  text-transform: capitalize;
}

<h1
  class="c0"
/>
`;
